2026-01-12 08:41:06,735 | agents               | INFO     | 🔍 [ConfigManager] 加载 .env 文件: /anti/ak-trading/TradingAgents-arm32/.env
2026-01-12 08:41:06,735 | agents               | INFO     | 🔍 [ConfigManager] 加载前 DASHSCOPE_API_KEY: 空
2026-01-12 08:41:06,738 | agents               | INFO     | 🔍 [ConfigManager] 加载后 DASHSCOPE_API_KEY: 有值
2026-01-12 08:41:06,738 | agents               | INFO     | 🔧 [ConfigManager] 开始初始化 MongoDB 存储...
2026-01-12 08:41:06,738 | agents               | INFO     | 🔍 [ConfigManager] USE_MONGODB_STORAGE=false (解析为: False)
2026-01-12 08:41:06,738 | agents               | INFO     | ℹ️ [ConfigManager] MongoDB 存储未启用，将使用 JSON 文件存储
2026-01-12 08:41:07,532 | agents               | WARNING  | ⚠️ stockstats工具不可用: No module named 'stockstats'
🚀 测试股票: 01810 (小米集团)
2026-01-12 08:41:08,329 | httpx                | INFO     | HTTP Request: POST https://api.deepseek.com/chat/completions "HTTP/1.1 200 OK"
2026-01-12 08:41:09,676 | app.worker.news_utils.keyword_generator | INFO     | ✨ AI 生成关键词 (01810): ['01810', '小米集团', '雷军', '小米手机', 'Redmi', '澎湃OS']
✨ AI 生成关键词: ['01810', '小米集团', '雷军', '小米手机', 'Redmi', '澎湃OS']
2026-01-12 08:41:09,677 | tradingagents.dataflows.providers.china.akshare | INFO     | 📦 使用本地AKShare库
2026-01-12 08:41:09,858 | tradingagents.dataflows.providers.china.akshare | INFO     | 🔧 检测到 curl_cffi，将使用它来模拟真实浏览器 TLS 指纹
2026-01-12 08:41:09,858 | tradingagents.dataflows.providers.china.akshare | INFO     | 🔧 已修复AKShare的headers问题，使用 curl_cffi 模拟真实浏览器（Chrome 120）
2026-01-12 08:41:09,858 | tradingagents.dataflows.providers.china.akshare | INFO     | 🔧 AKShare超时配置完成: 60秒
2026-01-12 08:41:09,858 | tradingagents.dataflows.providers.china.akshare | INFO     | ✅ AKShare连接成功
Traceback (most recent call last):
  File "/anti/ak-trading/TradingAgents-arm32/test_news_governance.py", line 55, in <module>
    asyncio.run(test_governance())
    ~~~~~~~~~~~^^^^^^^^^^^^^^^^^^^
  File "/usr/lib/python3.13/asyncio/runners.py", line 195, in run
    return runner.run(main)
           ~~~~~~~~~~^^^^^^
  File "/usr/lib/python3.13/asyncio/runners.py", line 118, in run
    return self._loop.run_until_complete(task)
           ~~~~~~~~~~~~~~~~~~~~~~~~~~~~~^^^^^^
  File "/usr/lib/python3.13/asyncio/base_events.py", line 725, in run_until_complete
    return future.result()
           ~~~~~~~~~~~~~^^
  File "/anti/ak-trading/TradingAgents-arm32/test_news_governance.py", line 28, in test_governance
    target_symbol = symbol.zfill(5) if market_info['is_hk'] else symbol.zfill(6)
                                       ~~~~~~~~~~~^^^^^^^^^
TypeError: 'StockMarket' object is not subscriptable
